0 verbose cli D:\Nodejs\node.exe D:\Nodejs\node_modules\npm\bin\npm-cli.js
1 info using npm@10.9.0
2 info using node@v22.12.0
3 silly config load:file:D:\Nodejs\node_modules\npm\npmrc
4 silly config load:file:E:\code\Vue\plan\.npmrc
5 silly config load:file:C:\Users\Xinghe Wu\.npmrc
6 silly config load:file:D:\Softwares\NodeGlobal\node_global\etc\npmrc
7 verbose title npm run type-check
8 verbose argv "run" "type-check"
9 verbose logfile logs-max:10 dir:e:\code\Vue\plan\.npm-cache\_logs\2026-08-29T13_03_14_560Z-
10 verbose logfile e:\code\Vue\plan\.npm-cache\_logs\2026-08-29T13_03_14_560Z-debug-0.log
11 silly logfile done cleaning log files
12 http fetch GET 200 https://registry.npmjs.org/npm 975ms
13 verbose cwd E:\code\Vue\plan
14 verbose os Windows_NT 10.0.26200
15 verbose node v22.12.0
16 verbose npm  v10.9.0
17 notice
17 notice New [31mmajor[39m version of npm available! [31m10.9.0[39m -> [34m12.0.2[39m
17 notice Changelog: [34mhttps://github.com/npm/cli/releases/tag/v12.0.2[39m
17 notice To update run: [4mnpm install -g npm@12.0.2[24m
17 notice  { force: true, [Symbol(proc-log.meta)]: true }
18 verbose exit 0
19 info ok
